// Jest Snapshot v1, https://goo.gl/fbAQLP

exports[`createDateObjects 1`] = `
Array [
  Object {
    "classNames": "prevMonth",
    "day": "2015-12-27T00:00:00.000Z",
  },
  Object {
    "classNames": "prevMonth",
    "day": "2015-12-28T00:00:00.000Z",
  },
  Object {
    "classNames": "prevMonth",
    "day": "2015-12-29T00:00:00.000Z",
  },
  Object {
    "classNames": "prevMonth",
    "day": "2015-12-30T00:00:00.000Z",
  },
  Object {
    "classNames": "prevMonth",
    "day": "2015-12-31T00:00:00.000Z",
  },
  Object {
    "day": "2015-12-31T23:00:00.000Z",
  },
  Object {
    "day": "2016-01-01T23:00:00.000Z",
  },
  Object {
    "day": "2016-01-02T23:00:00.000Z",
  },
  Object {
    "day": "2016-01-03T23:00:00.000Z",
  },
  Object {
    "day": "2016-01-04T23:00:00.000Z",
  },
  Object {
    "day": "2016-01-05T23:00:00.000Z",
  },
  Object {
    "day": "2016-01-06T23:00:00.000Z",
  },
  Object {
    "day": "2016-01-07T23:00:00.000Z",
  },
  Object {
    "day": "2016-01-08T23:00:00.000Z",
  },
  Object {
    "day": "2016-01-09T23:00:00.000Z",
  },
  Object {
    "day": "2016-01-10T23:00:00.000Z",
  },
  Object {
    "day": "2016-01-11T23:00:00.000Z",
  },
  Object {
    "day": "2016-01-12T23:00:00.000Z",
  },
  Object {
    "day": "2016-01-13T23:00:00.000Z",
  },
  Object {
    "day": "2016-01-14T23:00:00.000Z",
  },
  Object {
    "day": "2016-01-15T23:00:00.000Z",
  },
  Object {
    "day": "2016-01-16T23:00:00.000Z",
  },
  Object {
    "day": "2016-01-17T23:00:00.000Z",
  },
  Object {
    "day": "2016-01-18T23:00:00.000Z",
  },
  Object {
    "day": "2016-01-19T23:00:00.000Z",
  },
  Object {
    "day": "2016-01-20T23:00:00.000Z",
  },
  Object {
    "day": "2016-01-21T23:00:00.000Z",
  },
  Object {
    "day": "2016-01-22T23:00:00.000Z",
  },
  Object {
    "day": "2016-01-23T23:00:00.000Z",
  },
  Object {
    "day": "2016-01-24T23:00:00.000Z",
  },
  Object {
    "day": "2016-01-25T23:00:00.000Z",
  },
  Object {
    "day": "2016-01-26T23:00:00.000Z",
  },
  Object {
    "day": "2016-01-27T23:00:00.000Z",
  },
  Object {
    "day": "2016-01-28T23:00:00.000Z",
  },
  Object {
    "day": "2016-01-29T23:00:00.000Z",
  },
  Object {
    "day": "2016-01-30T23:00:00.000Z",
  },
  Object {
    "classNames": "nextMonth",
    "day": "2016-01-31T23:00:00.000Z",
  },
  Object {
    "classNames": "nextMonth",
    "day": "2016-02-01T23:00:00.000Z",
  },
  Object {
    "classNames": "nextMonth",
    "day": "2016-02-02T23:00:00.000Z",
  },
  Object {
    "classNames": "nextMonth",
    "day": "2016-02-03T23:00:00.000Z",
  },
  Object {
    "classNames": "nextMonth",
    "day": "2016-02-04T23:00:00.000Z",
  },
  Object {
    "classNames": "nextMonth",
    "day": "2016-02-05T23:00:00.000Z",
  },
]
`;

exports[`createDateObjects 2`] = `
Array [
  Object {
    "classNames": "prevMonth",
    "day": "2016-01-31T00:00:00.000Z",
  },
  Object {
    "day": "2016-01-31T23:00:00.000Z",
  },
  Object {
    "day": "2016-02-01T23:00:00.000Z",
  },
  Object {
    "day": "2016-02-02T23:00:00.000Z",
  },
  Object {
    "day": "2016-02-03T23:00:00.000Z",
  },
  Object {
    "day": "2016-02-04T23:00:00.000Z",
  },
  Object {
    "day": "2016-02-05T23:00:00.000Z",
  },
  Object {
    "day": "2016-02-06T23:00:00.000Z",
  },
  Object {
    "day": "2016-02-07T23:00:00.000Z",
  },
  Object {
    "day": "2016-02-08T23:00:00.000Z",
  },
  Object {
    "day": "2016-02-09T23:00:00.000Z",
  },
  Object {
    "day": "2016-02-10T23:00:00.000Z",
  },
  Object {
    "day": "2016-02-11T23:00:00.000Z",
  },
  Object {
    "day": "2016-02-12T23:00:00.000Z",
  },
  Object {
    "day": "2016-02-13T23:00:00.000Z",
  },
  Object {
    "day": "2016-02-14T23:00:00.000Z",
  },
  Object {
    "day": "2016-02-15T23:00:00.000Z",
  },
  Object {
    "day": "2016-02-16T23:00:00.000Z",
  },
  Object {
    "day": "2016-02-17T23:00:00.000Z",
  },
  Object {
    "day": "2016-02-18T23:00:00.000Z",
  },
  Object {
    "day": "2016-02-19T23:00:00.000Z",
  },
  Object {
    "day": "2016-02-20T23:00:00.000Z",
  },
  Object {
    "day": "2016-02-21T23:00:00.000Z",
  },
  Object {
    "day": "2016-02-22T23:00:00.000Z",
  },
  Object {
    "day": "2016-02-23T23:00:00.000Z",
  },
  Object {
    "day": "2016-02-24T23:00:00.000Z",
  },
  Object {
    "day": "2016-02-25T23:00:00.000Z",
  },
  Object {
    "day": "2016-02-26T23:00:00.000Z",
  },
  Object {
    "day": "2016-02-27T23:00:00.000Z",
  },
  Object {
    "day": "2016-02-28T23:00:00.000Z",
  },
  Object {
    "classNames": "nextMonth",
    "day": "2016-02-29T23:00:00.000Z",
  },
  Object {
    "classNames": "nextMonth",
    "day": "2016-03-01T23:00:00.000Z",
  },
  Object {
    "classNames": "nextMonth",
    "day": "2016-03-02T23:00:00.000Z",
  },
  Object {
    "classNames": "nextMonth",
    "day": "2016-03-03T23:00:00.000Z",
  },
  Object {
    "classNames": "nextMonth",
    "day": "2016-03-04T23:00:00.000Z",
  },
]
`;

exports[`createDateObjects 3`] = `
Array [
  Object {
    "classNames": "prevMonth",
    "day": "2016-02-28T00:00:00.000Z",
  },
  Object {
    "classNames": "prevMonth",
    "day": "2016-02-29T00:00:00.000Z",
  },
  Object {
    "day": "2016-02-29T23:00:00.000Z",
  },
  Object {
    "day": "2016-03-01T23:00:00.000Z",
  },
  Object {
    "day": "2016-03-02T23:00:00.000Z",
  },
  Object {
    "day": "2016-03-03T23:00:00.000Z",
  },
  Object {
    "day": "2016-03-04T23:00:00.000Z",
  },
  Object {
    "day": "2016-03-05T23:00:00.000Z",
  },
  Object {
    "day": "2016-03-06T23:00:00.000Z",
  },
  Object {
    "day": "2016-03-07T23:00:00.000Z",
  },
  Object {
    "day": "2016-03-08T23:00:00.000Z",
  },
  Object {
    "day": "2016-03-09T23:00:00.000Z",
  },
  Object {
    "day": "2016-03-10T23:00:00.000Z",
  },
  Object {
    "day": "2016-03-11T23:00:00.000Z",
  },
  Object {
    "day": "2016-03-12T23:00:00.000Z",
  },
  Object {
    "day": "2016-03-13T23:00:00.000Z",
  },
  Object {
    "day": "2016-03-14T23:00:00.000Z",
  },
  Object {
    "day": "2016-03-15T23:00:00.000Z",
  },
  Object {
    "day": "2016-03-16T23:00:00.000Z",
  },
  Object {
    "day": "2016-03-17T23:00:00.000Z",
  },
  Object {
    "day": "2016-03-18T23:00:00.000Z",
  },
  Object {
    "day": "2016-03-19T23:00:00.000Z",
  },
  Object {
    "day": "2016-03-20T23:00:00.000Z",
  },
  Object {
    "day": "2016-03-21T23:00:00.000Z",
  },
  Object {
    "day": "2016-03-22T23:00:00.000Z",
  },
  Object {
    "day": "2016-03-23T23:00:00.000Z",
  },
  Object {
    "day": "2016-03-24T23:00:00.000Z",
  },
  Object {
    "day": "2016-03-25T23:00:00.000Z",
  },
  Object {
    "day": "2016-03-26T23:00:00.000Z",
  },
  Object {
    "day": "2016-03-27T22:00:00.000Z",
  },
  Object {
    "day": "2016-03-28T22:00:00.000Z",
  },
  Object {
    "day": "2016-03-29T22:00:00.000Z",
  },
  Object {
    "day": "2016-03-30T22:00:00.000Z",
  },
  Object {
    "classNames": "nextMonth",
    "day": "2016-03-31T22:00:00.000Z",
  },
  Object {
    "classNames": "nextMonth",
    "day": "2016-04-01T22:00:00.000Z",
  },
]
`;

exports[`createDateObjects 4`] = `
Array [
  Object {
    "classNames": "prevMonth",
    "day": "2016-03-27T00:00:00.000Z",
  },
  Object {
    "classNames": "prevMonth",
    "day": "2016-03-28T00:00:00.000Z",
  },
  Object {
    "classNames": "prevMonth",
    "day": "2016-03-29T00:00:00.000Z",
  },
  Object {
    "classNames": "prevMonth",
    "day": "2016-03-30T00:00:00.000Z",
  },
  Object {
    "classNames": "prevMonth",
    "day": "2016-03-31T00:00:00.000Z",
  },
  Object {
    "day": "2016-03-31T22:00:00.000Z",
  },
  Object {
    "day": "2016-04-01T22:00:00.000Z",
  },
  Object {
    "day": "2016-04-02T22:00:00.000Z",
  },
  Object {
    "day": "2016-04-03T22:00:00.000Z",
  },
  Object {
    "day": "2016-04-04T22:00:00.000Z",
  },
  Object {
    "day": "2016-04-05T22:00:00.000Z",
  },
  Object {
    "day": "2016-04-06T22:00:00.000Z",
  },
  Object {
    "day": "2016-04-07T22:00:00.000Z",
  },
  Object {
    "day": "2016-04-08T22:00:00.000Z",
  },
  Object {
    "day": "2016-04-09T22:00:00.000Z",
  },
  Object {
    "day": "2016-04-10T22:00:00.000Z",
  },
  Object {
    "day": "2016-04-11T22:00:00.000Z",
  },
  Object {
    "day": "2016-04-12T22:00:00.000Z",
  },
  Object {
    "day": "2016-04-13T22:00:00.000Z",
  },
  Object {
    "day": "2016-04-14T22:00:00.000Z",
  },
  Object {
    "day": "2016-04-15T22:00:00.000Z",
  },
  Object {
    "day": "2016-04-16T22:00:00.000Z",
  },
  Object {
    "day": "2016-04-17T22:00:00.000Z",
  },
  Object {
    "day": "2016-04-18T22:00:00.000Z",
  },
  Object {
    "day": "2016-04-19T22:00:00.000Z",
  },
  Object {
    "day": "2016-04-20T22:00:00.000Z",
  },
  Object {
    "day": "2016-04-21T22:00:00.000Z",
  },
  Object {
    "day": "2016-04-22T22:00:00.000Z",
  },
  Object {
    "day": "2016-04-23T22:00:00.000Z",
  },
  Object {
    "day": "2016-04-24T22:00:00.000Z",
  },
  Object {
    "day": "2016-04-25T22:00:00.000Z",
  },
  Object {
    "day": "2016-04-26T22:00:00.000Z",
  },
  Object {
    "day": "2016-04-27T22:00:00.000Z",
  },
  Object {
    "day": "2016-04-28T22:00:00.000Z",
  },
  Object {
    "day": "2016-04-29T22:00:00.000Z",
  },
]
`;

exports[`createDateObjects 5`] = `
Array [
  Object {
    "day": "2016-04-30T22:00:00.000Z",
  },
  Object {
    "day": "2016-05-01T22:00:00.000Z",
  },
  Object {
    "day": "2016-05-02T22:00:00.000Z",
  },
  Object {
    "day": "2016-05-03T22:00:00.000Z",
  },
  Object {
    "day": "2016-05-04T22:00:00.000Z",
  },
  Object {
    "day": "2016-05-05T22:00:00.000Z",
  },
  Object {
    "day": "2016-05-06T22:00:00.000Z",
  },
  Object {
    "day": "2016-05-07T22:00:00.000Z",
  },
  Object {
    "day": "2016-05-08T22:00:00.000Z",
  },
  Object {
    "day": "2016-05-09T22:00:00.000Z",
  },
  Object {
    "day": "2016-05-10T22:00:00.000Z",
  },
  Object {
    "day": "2016-05-11T22:00:00.000Z",
  },
  Object {
    "day": "2016-05-12T22:00:00.000Z",
  },
  Object {
    "day": "2016-05-13T22:00:00.000Z",
  },
  Object {
    "day": "2016-05-14T22:00:00.000Z",
  },
  Object {
    "day": "2016-05-15T22:00:00.000Z",
  },
  Object {
    "day": "2016-05-16T22:00:00.000Z",
  },
  Object {
    "day": "2016-05-17T22:00:00.000Z",
  },
  Object {
    "day": "2016-05-18T22:00:00.000Z",
  },
  Object {
    "day": "2016-05-19T22:00:00.000Z",
  },
  Object {
    "day": "2016-05-20T22:00:00.000Z",
  },
  Object {
    "day": "2016-05-21T22:00:00.000Z",
  },
  Object {
    "day": "2016-05-22T22:00:00.000Z",
  },
  Object {
    "day": "2016-05-23T22:00:00.000Z",
  },
  Object {
    "day": "2016-05-24T22:00:00.000Z",
  },
  Object {
    "day": "2016-05-25T22:00:00.000Z",
  },
  Object {
    "day": "2016-05-26T22:00:00.000Z",
  },
  Object {
    "day": "2016-05-27T22:00:00.000Z",
  },
  Object {
    "day": "2016-05-28T22:00:00.000Z",
  },
  Object {
    "day": "2016-05-29T22:00:00.000Z",
  },
  Object {
    "day": "2016-05-30T22:00:00.000Z",
  },
  Object {
    "classNames": "nextMonth",
    "day": "2016-05-31T22:00:00.000Z",
  },
  Object {
    "classNames": "nextMonth",
    "day": "2016-06-01T22:00:00.000Z",
  },
  Object {
    "classNames": "nextMonth",
    "day": "2016-06-02T22:00:00.000Z",
  },
  Object {
    "classNames": "nextMonth",
    "day": "2016-06-03T22:00:00.000Z",
  },
]
`;

exports[`createDateObjects 6`] = `
Array [
  Object {
    "classNames": "prevMonth",
    "day": "2016-05-29T00:00:00.000Z",
  },
  Object {
    "classNames": "prevMonth",
    "day": "2016-05-30T00:00:00.000Z",
  },
  Object {
    "classNames": "prevMonth",
    "day": "2016-05-31T00:00:00.000Z",
  },
  Object {
    "day": "2016-05-31T22:00:00.000Z",
  },
  Object {
    "day": "2016-06-01T22:00:00.000Z",
  },
  Object {
    "day": "2016-06-02T22:00:00.000Z",
  },
  Object {
    "day": "2016-06-03T22:00:00.000Z",
  },
  Object {
    "day": "2016-06-04T22:00:00.000Z",
  },
  Object {
    "day": "2016-06-05T22:00:00.000Z",
  },
  Object {
    "day": "2016-06-06T22:00:00.000Z",
  },
  Object {
    "day": "2016-06-07T22:00:00.000Z",
  },
  Object {
    "day": "2016-06-08T22:00:00.000Z",
  },
  Object {
    "day": "2016-06-09T22:00:00.000Z",
  },
  Object {
    "day": "2016-06-10T22:00:00.000Z",
  },
  Object {
    "day": "2016-06-11T22:00:00.000Z",
  },
  Object {
    "day": "2016-06-12T22:00:00.000Z",
  },
  Object {
    "day": "2016-06-13T22:00:00.000Z",
  },
  Object {
    "day": "2016-06-14T22:00:00.000Z",
  },
  Object {
    "day": "2016-06-15T22:00:00.000Z",
  },
  Object {
    "day": "2016-06-16T22:00:00.000Z",
  },
  Object {
    "day": "2016-06-17T22:00:00.000Z",
  },
  Object {
    "day": "2016-06-18T22:00:00.000Z",
  },
  Object {
    "day": "2016-06-19T22:00:00.000Z",
  },
  Object {
    "day": "2016-06-20T22:00:00.000Z",
  },
  Object {
    "day": "2016-06-21T22:00:00.000Z",
  },
  Object {
    "day": "2016-06-22T22:00:00.000Z",
  },
  Object {
    "day": "2016-06-23T22:00:00.000Z",
  },
  Object {
    "day": "2016-06-24T22:00:00.000Z",
  },
  Object {
    "day": "2016-06-25T22:00:00.000Z",
  },
  Object {
    "day": "2016-06-26T22:00:00.000Z",
  },
  Object {
    "day": "2016-06-27T22:00:00.000Z",
  },
  Object {
    "day": "2016-06-28T22:00:00.000Z",
  },
  Object {
    "day": "2016-06-29T22:00:00.000Z",
  },
  Object {
    "classNames": "nextMonth",
    "day": "2016-06-30T22:00:00.000Z",
  },
  Object {
    "classNames": "nextMonth",
    "day": "2016-07-01T22:00:00.000Z",
  },
]
`;

exports[`createDateObjects 7`] = `
Array [
  Object {
    "classNames": "prevMonth",
    "day": "2016-06-26T00:00:00.000Z",
  },
  Object {
    "classNames": "prevMonth",
    "day": "2016-06-27T00:00:00.000Z",
  },
  Object {
    "classNames": "prevMonth",
    "day": "2016-06-28T00:00:00.000Z",
  },
  Object {
    "classNames": "prevMonth",
    "day": "2016-06-29T00:00:00.000Z",
  },
  Object {
    "classNames": "prevMonth",
    "day": "2016-06-30T00:00:00.000Z",
  },
  Object {
    "day": "2016-06-30T22:00:00.000Z",
  },
  Object {
    "day": "2016-07-01T22:00:00.000Z",
  },
  Object {
    "day": "2016-07-02T22:00:00.000Z",
  },
  Object {
    "day": "2016-07-03T22:00:00.000Z",
  },
  Object {
    "day": "2016-07-04T22:00:00.000Z",
  },
  Object {
    "day": "2016-07-05T22:00:00.000Z",
  },
  Object {
    "day": "2016-07-06T22:00:00.000Z",
  },
  Object {
    "day": "2016-07-07T22:00:00.000Z",
  },
  Object {
    "day": "2016-07-08T22:00:00.000Z",
  },
  Object {
    "day": "2016-07-09T22:00:00.000Z",
  },
  Object {
    "day": "2016-07-10T22:00:00.000Z",
  },
  Object {
    "day": "2016-07-11T22:00:00.000Z",
  },
  Object {
    "day": "2016-07-12T22:00:00.000Z",
  },
  Object {
    "day": "2016-07-13T22:00:00.000Z",
  },
  Object {
    "day": "2016-07-14T22:00:00.000Z",
  },
  Object {
    "day": "2016-07-15T22:00:00.000Z",
  },
  Object {
    "day": "2016-07-16T22:00:00.000Z",
  },
  Object {
    "day": "2016-07-17T22:00:00.000Z",
  },
  Object {
    "day": "2016-07-18T22:00:00.000Z",
  },
  Object {
    "day": "2016-07-19T22:00:00.000Z",
  },
  Object {
    "day": "2016-07-20T22:00:00.000Z",
  },
  Object {
    "day": "2016-07-21T22:00:00.000Z",
  },
  Object {
    "day": "2016-07-22T22:00:00.000Z",
  },
  Object {
    "day": "2016-07-23T22:00:00.000Z",
  },
  Object {
    "day": "2016-07-24T22:00:00.000Z",
  },
  Object {
    "day": "2016-07-25T22:00:00.000Z",
  },
  Object {
    "day": "2016-07-26T22:00:00.000Z",
  },
  Object {
    "day": "2016-07-27T22:00:00.000Z",
  },
  Object {
    "day": "2016-07-28T22:00:00.000Z",
  },
  Object {
    "day": "2016-07-29T22:00:00.000Z",
  },
  Object {
    "day": "2016-07-30T22:00:00.000Z",
  },
  Object {
    "classNames": "nextMonth",
    "day": "2016-07-31T22:00:00.000Z",
  },
  Object {
    "classNames": "nextMonth",
    "day": "2016-08-01T22:00:00.000Z",
  },
  Object {
    "classNames": "nextMonth",
    "day": "2016-08-02T22:00:00.000Z",
  },
  Object {
    "classNames": "nextMonth",
    "day": "2016-08-03T22:00:00.000Z",
  },
  Object {
    "classNames": "nextMonth",
    "day": "2016-08-04T22:00:00.000Z",
  },
  Object {
    "classNames": "nextMonth",
    "day": "2016-08-05T22:00:00.000Z",
  },
]
`;

exports[`createDateObjects 8`] = `
Array [
  Object {
    "classNames": "prevMonth",
    "day": "2016-07-31T00:00:00.000Z",
  },
  Object {
    "day": "2016-07-31T22:00:00.000Z",
  },
  Object {
    "day": "2016-08-01T22:00:00.000Z",
  },
  Object {
    "day": "2016-08-02T22:00:00.000Z",
  },
  Object {
    "day": "2016-08-03T22:00:00.000Z",
  },
  Object {
    "day": "2016-08-04T22:00:00.000Z",
  },
  Object {
    "day": "2016-08-05T22:00:00.000Z",
  },
  Object {
    "day": "2016-08-06T22:00:00.000Z",
  },
  Object {
    "day": "2016-08-07T22:00:00.000Z",
  },
  Object {
    "day": "2016-08-08T22:00:00.000Z",
  },
  Object {
    "day": "2016-08-09T22:00:00.000Z",
  },
  Object {
    "day": "2016-08-10T22:00:00.000Z",
  },
  Object {
    "day": "2016-08-11T22:00:00.000Z",
  },
  Object {
    "day": "2016-08-12T22:00:00.000Z",
  },
  Object {
    "day": "2016-08-13T22:00:00.000Z",
  },
  Object {
    "day": "2016-08-14T22:00:00.000Z",
  },
  Object {
    "day": "2016-08-15T22:00:00.000Z",
  },
  Object {
    "day": "2016-08-16T22:00:00.000Z",
  },
  Object {
    "day": "2016-08-17T22:00:00.000Z",
  },
  Object {
    "day": "2016-08-18T22:00:00.000Z",
  },
  Object {
    "day": "2016-08-19T22:00:00.000Z",
  },
  Object {
    "day": "2016-08-20T22:00:00.000Z",
  },
  Object {
    "day": "2016-08-21T22:00:00.000Z",
  },
  Object {
    "day": "2016-08-22T22:00:00.000Z",
  },
  Object {
    "day": "2016-08-23T22:00:00.000Z",
  },
  Object {
    "day": "2016-08-24T22:00:00.000Z",
  },
  Object {
    "day": "2016-08-25T22:00:00.000Z",
  },
  Object {
    "day": "2016-08-26T22:00:00.000Z",
  },
  Object {
    "day": "2016-08-27T22:00:00.000Z",
  },
  Object {
    "day": "2016-08-28T22:00:00.000Z",
  },
  Object {
    "day": "2016-08-29T22:00:00.000Z",
  },
  Object {
    "day": "2016-08-30T22:00:00.000Z",
  },
  Object {
    "classNames": "nextMonth",
    "day": "2016-08-31T22:00:00.000Z",
  },
  Object {
    "classNames": "nextMonth",
    "day": "2016-09-01T22:00:00.000Z",
  },
  Object {
    "classNames": "nextMonth",
    "day": "2016-09-02T22:00:00.000Z",
  },
]
`;

exports[`createDateObjects 9`] = `
Array [
  Object {
    "classNames": "prevMonth",
    "day": "2016-08-28T00:00:00.000Z",
  },
  Object {
    "classNames": "prevMonth",
    "day": "2016-08-29T00:00:00.000Z",
  },
  Object {
    "classNames": "prevMonth",
    "day": "2016-08-30T00:00:00.000Z",
  },
  Object {
    "classNames": "prevMonth",
    "day": "2016-08-31T00:00:00.000Z",
  },
  Object {
    "day": "2016-08-31T22:00:00.000Z",
  },
  Object {
    "day": "2016-09-01T22:00:00.000Z",
  },
  Object {
    "day": "2016-09-02T22:00:00.000Z",
  },
  Object {
    "day": "2016-09-03T22:00:00.000Z",
  },
  Object {
    "day": "2016-09-04T22:00:00.000Z",
  },
  Object {
    "day": "2016-09-05T22:00:00.000Z",
  },
  Object {
    "day": "2016-09-06T22:00:00.000Z",
  },
  Object {
    "day": "2016-09-07T22:00:00.000Z",
  },
  Object {
    "day": "2016-09-08T22:00:00.000Z",
  },
  Object {
    "day": "2016-09-09T22:00:00.000Z",
  },
  Object {
    "day": "2016-09-10T22:00:00.000Z",
  },
  Object {
    "day": "2016-09-11T22:00:00.000Z",
  },
  Object {
    "day": "2016-09-12T22:00:00.000Z",
  },
  Object {
    "day": "2016-09-13T22:00:00.000Z",
  },
  Object {
    "day": "2016-09-14T22:00:00.000Z",
  },
  Object {
    "day": "2016-09-15T22:00:00.000Z",
  },
  Object {
    "day": "2016-09-16T22:00:00.000Z",
  },
  Object {
    "day": "2016-09-17T22:00:00.000Z",
  },
  Object {
    "day": "2016-09-18T22:00:00.000Z",
  },
  Object {
    "day": "2016-09-19T22:00:00.000Z",
  },
  Object {
    "day": "2016-09-20T22:00:00.000Z",
  },
  Object {
    "day": "2016-09-21T22:00:00.000Z",
  },
  Object {
    "day": "2016-09-22T22:00:00.000Z",
  },
  Object {
    "day": "2016-09-23T22:00:00.000Z",
  },
  Object {
    "day": "2016-09-24T22:00:00.000Z",
  },
  Object {
    "day": "2016-09-25T22:00:00.000Z",
  },
  Object {
    "day": "2016-09-26T22:00:00.000Z",
  },
  Object {
    "day": "2016-09-27T22:00:00.000Z",
  },
  Object {
    "day": "2016-09-28T22:00:00.000Z",
  },
  Object {
    "day": "2016-09-29T22:00:00.000Z",
  },
  Object {
    "classNames": "nextMonth",
    "day": "2016-09-30T22:00:00.000Z",
  },
]
`;

exports[`createDateObjects 10`] = `
Array [
  Object {
    "classNames": "prevMonth",
    "day": "2016-09-25T00:00:00.000Z",
  },
  Object {
    "classNames": "prevMonth",
    "day": "2016-09-26T00:00:00.000Z",
  },
  Object {
    "classNames": "prevMonth",
    "day": "2016-09-27T00:00:00.000Z",
  },
  Object {
    "classNames": "prevMonth",
    "day": "2016-09-28T00:00:00.000Z",
  },
  Object {
    "classNames": "prevMonth",
    "day": "2016-09-29T00:00:00.000Z",
  },
  Object {
    "classNames": "prevMonth",
    "day": "2016-09-30T00:00:00.000Z",
  },
  Object {
    "day": "2016-09-30T22:00:00.000Z",
  },
  Object {
    "day": "2016-10-01T22:00:00.000Z",
  },
  Object {
    "day": "2016-10-02T22:00:00.000Z",
  },
  Object {
    "day": "2016-10-03T22:00:00.000Z",
  },
  Object {
    "day": "2016-10-04T22:00:00.000Z",
  },
  Object {
    "day": "2016-10-05T22:00:00.000Z",
  },
  Object {
    "day": "2016-10-06T22:00:00.000Z",
  },
  Object {
    "day": "2016-10-07T22:00:00.000Z",
  },
  Object {
    "day": "2016-10-08T22:00:00.000Z",
  },
  Object {
    "day": "2016-10-09T22:00:00.000Z",
  },
  Object {
    "day": "2016-10-10T22:00:00.000Z",
  },
  Object {
    "day": "2016-10-11T22:00:00.000Z",
  },
  Object {
    "day": "2016-10-12T22:00:00.000Z",
  },
  Object {
    "day": "2016-10-13T22:00:00.000Z",
  },
  Object {
    "day": "2016-10-14T22:00:00.000Z",
  },
  Object {
    "day": "2016-10-15T22:00:00.000Z",
  },
  Object {
    "day": "2016-10-16T22:00:00.000Z",
  },
  Object {
    "day": "2016-10-17T22:00:00.000Z",
  },
  Object {
    "day": "2016-10-18T22:00:00.000Z",
  },
  Object {
    "day": "2016-10-19T22:00:00.000Z",
  },
  Object {
    "day": "2016-10-20T22:00:00.000Z",
  },
  Object {
    "day": "2016-10-21T22:00:00.000Z",
  },
  Object {
    "day": "2016-10-22T22:00:00.000Z",
  },
  Object {
    "day": "2016-10-23T22:00:00.000Z",
  },
  Object {
    "day": "2016-10-24T22:00:00.000Z",
  },
  Object {
    "day": "2016-10-25T22:00:00.000Z",
  },
  Object {
    "day": "2016-10-26T22:00:00.000Z",
  },
  Object {
    "day": "2016-10-27T22:00:00.000Z",
  },
  Object {
    "day": "2016-10-28T22:00:00.000Z",
  },
  Object {
    "day": "2016-10-29T22:00:00.000Z",
  },
  Object {
    "day": "2016-10-30T23:00:00.000Z",
  },
  Object {
    "classNames": "nextMonth",
    "day": "2016-10-31T23:00:00.000Z",
  },
  Object {
    "classNames": "nextMonth",
    "day": "2016-11-01T23:00:00.000Z",
  },
  Object {
    "classNames": "nextMonth",
    "day": "2016-11-02T23:00:00.000Z",
  },
  Object {
    "classNames": "nextMonth",
    "day": "2016-11-03T23:00:00.000Z",
  },
  Object {
    "classNames": "nextMonth",
    "day": "2016-11-04T23:00:00.000Z",
  },
]
`;

exports[`createDateObjects 11`] = `
Array [
  Object {
    "classNames": "prevMonth",
    "day": "2016-10-30T00:00:00.000Z",
  },
  Object {
    "classNames": "prevMonth",
    "day": "2016-10-31T00:00:00.000Z",
  },
  Object {
    "day": "2016-10-31T23:00:00.000Z",
  },
  Object {
    "day": "2016-11-01T23:00:00.000Z",
  },
  Object {
    "day": "2016-11-02T23:00:00.000Z",
  },
  Object {
    "day": "2016-11-03T23:00:00.000Z",
  },
  Object {
    "day": "2016-11-04T23:00:00.000Z",
  },
  Object {
    "day": "2016-11-05T23:00:00.000Z",
  },
  Object {
    "day": "2016-11-06T23:00:00.000Z",
  },
  Object {
    "day": "2016-11-07T23:00:00.000Z",
  },
  Object {
    "day": "2016-11-08T23:00:00.000Z",
  },
  Object {
    "day": "2016-11-09T23:00:00.000Z",
  },
  Object {
    "day": "2016-11-10T23:00:00.000Z",
  },
  Object {
    "day": "2016-11-11T23:00:00.000Z",
  },
  Object {
    "day": "2016-11-12T23:00:00.000Z",
  },
  Object {
    "day": "2016-11-13T23:00:00.000Z",
  },
  Object {
    "day": "2016-11-14T23:00:00.000Z",
  },
  Object {
    "day": "2016-11-15T23:00:00.000Z",
  },
  Object {
    "day": "2016-11-16T23:00:00.000Z",
  },
  Object {
    "day": "2016-11-17T23:00:00.000Z",
  },
  Object {
    "day": "2016-11-18T23:00:00.000Z",
  },
  Object {
    "day": "2016-11-19T23:00:00.000Z",
  },
  Object {
    "day": "2016-11-20T23:00:00.000Z",
  },
  Object {
    "day": "2016-11-21T23:00:00.000Z",
  },
  Object {
    "day": "2016-11-22T23:00:00.000Z",
  },
  Object {
    "day": "2016-11-23T23:00:00.000Z",
  },
  Object {
    "day": "2016-11-24T23:00:00.000Z",
  },
  Object {
    "day": "2016-11-25T23:00:00.000Z",
  },
  Object {
    "day": "2016-11-26T23:00:00.000Z",
  },
  Object {
    "day": "2016-11-27T23:00:00.000Z",
  },
  Object {
    "day": "2016-11-28T23:00:00.000Z",
  },
  Object {
    "day": "2016-11-29T23:00:00.000Z",
  },
  Object {
    "classNames": "nextMonth",
    "day": "2016-11-30T23:00:00.000Z",
  },
  Object {
    "classNames": "nextMonth",
    "day": "2016-12-01T23:00:00.000Z",
  },
  Object {
    "classNames": "nextMonth",
    "day": "2016-12-02T23:00:00.000Z",
  },
]
`;

exports[`createDateObjects 12`] = `
Array [
  Object {
    "classNames": "prevMonth",
    "day": "2016-11-27T00:00:00.000Z",
  },
  Object {
    "classNames": "prevMonth",
    "day": "2016-11-28T00:00:00.000Z",
  },
  Object {
    "classNames": "prevMonth",
    "day": "2016-11-29T00:00:00.000Z",
  },
  Object {
    "classNames": "prevMonth",
    "day": "2016-11-30T00:00:00.000Z",
  },
  Object {
    "day": "2016-11-30T23:00:00.000Z",
  },
  Object {
    "day": "2016-12-01T23:00:00.000Z",
  },
  Object {
    "day": "2016-12-02T23:00:00.000Z",
  },
  Object {
    "day": "2016-12-03T23:00:00.000Z",
  },
  Object {
    "day": "2016-12-04T23:00:00.000Z",
  },
  Object {
    "day": "2016-12-05T23:00:00.000Z",
  },
  Object {
    "day": "2016-12-06T23:00:00.000Z",
  },
  Object {
    "day": "2016-12-07T23:00:00.000Z",
  },
  Object {
    "day": "2016-12-08T23:00:00.000Z",
  },
  Object {
    "day": "2016-12-09T23:00:00.000Z",
  },
  Object {
    "day": "2016-12-10T23:00:00.000Z",
  },
  Object {
    "day": "2016-12-11T23:00:00.000Z",
  },
  Object {
    "day": "2016-12-12T23:00:00.000Z",
  },
  Object {
    "day": "2016-12-13T23:00:00.000Z",
  },
  Object {
    "day": "2016-12-14T23:00:00.000Z",
  },
  Object {
    "day": "2016-12-15T23:00:00.000Z",
  },
  Object {
    "day": "2016-12-16T23:00:00.000Z",
  },
  Object {
    "day": "2016-12-17T23:00:00.000Z",
  },
  Object {
    "day": "2016-12-18T23:00:00.000Z",
  },
  Object {
    "day": "2016-12-19T23:00:00.000Z",
  },
  Object {
    "day": "2016-12-20T23:00:00.000Z",
  },
  Object {
    "day": "2016-12-21T23:00:00.000Z",
  },
  Object {
    "day": "2016-12-22T23:00:00.000Z",
  },
  Object {
    "day": "2016-12-23T23:00:00.000Z",
  },
  Object {
    "day": "2016-12-24T23:00:00.000Z",
  },
  Object {
    "day": "2016-12-25T23:00:00.000Z",
  },
  Object {
    "day": "2016-12-26T23:00:00.000Z",
  },
  Object {
    "day": "2016-12-27T23:00:00.000Z",
  },
  Object {
    "day": "2016-12-28T23:00:00.000Z",
  },
  Object {
    "day": "2016-12-29T23:00:00.000Z",
  },
  Object {
    "day": "2016-12-30T23:00:00.000Z",
  },
]
`;
